// Jest Snapshot v1, https://goo.gl/fbAQLP

exports[`Catchphrase should render a label, input, and button 1`] = `
<div>
  <label>
    Add a catch phrase
    <input
      type="text"
      value="in dog we trust"
    />
    <button>
      Add
    </button>
  </label>
</div>
`;
