// Jest Snapshot v1, https://goo.gl/fbAQLP

exports[`renders a Feature called Head 1`] = `
Object {
  "asFragment": [Function],
  "baseElement": <body>
    <div>
      <label>
        head
        <select>
          <option
            value="bird"
          >
            bird
          </option>
          <option
            value="dog"
          >
            dog
          </option>
          <option
            value="duck"
          >
            duck
          </option>
          <option
            value="horse"
          >
            horse
          </option>
        </select>
      </label>
    </div>
  </body>,
  "container": <div>
    <label>
      head
      <select>
        <option
          value="bird"
        >
          bird
        </option>
        <option
          value="dog"
        >
          dog
        </option>
        <option
          value="duck"
        >
          duck
        </option>
        <option
          value="horse"
        >
          horse
        </option>
      </select>
    </label>
  </div>,
  "debug": [Function],
  "findAllByAltText": [Function],
  "findAllByDisplayValue": [Function],
  "findAllByLabelText": [Function],
  "findAllByPlaceholderText": [Function],
  "findAllByRole": [Function],
  "findAllByTestId": [Function],
  "findAllByText": [Function],
  "findAllByTitle": [Function],
  "findByAltText": [Function],
  "findByDisplayValue": [Function],
  "findByLabelText": [Function],
  "findByPlaceholderText": [Function],
  "findByRole": [Function],
  "findByTestId": [Function],
  "findByText": [Function],
  "findByTitle": [Function],
  "getAllByAltText": [Function],
  "getAllByDisplayValue": [Function],
  "getAllByLabelText": [Function],
  "getAllByPlaceholderText": [Function],
  "getAllByRole": [Function],
  "getAllByTestId": [Function],
  "getAllByText": [Function],
  "getAllByTitle": [Function],
  "getByAltText": [Function],
  "getByDisplayValue": [Function],
  "getByLabelText": [Function],
  "getByPlaceholderText": [Function],
  "getByRole": [Function],
  "getByTestId": [Function],
  "getByText": [Function],
  "getByTitle": [Function],
  "queryAllByAltText": [Function],
  "queryAllByDisplayValue": [Function],
  "queryAllByLabelText": [Function],
  "queryAllByPlaceholderText": [Function],
  "queryAllByRole": [Function],
  "queryAllByTestId": [Function],
  "queryAllByText": [Function],
  "queryAllByTitle": [Function],
  "queryByAltText": [Function],
  "queryByDisplayValue": [Function],
  "queryByLabelText": [Function],
  "queryByPlaceholderText": [Function],
  "queryByRole": [Function],
  "queryByTestId": [Function],
  "queryByText": [Function],
  "queryByTitle": [Function],
  "rerender": [Function],
  "unmount": [Function],
}
`;
